[2025-07-09 14:30:15,234] INFO Watching for file changes with StatReloader
[2025-07-09 14:30:15,898] INFO "GET /login HTTP/1.1" 200 15639
[2025-07-09 14:30:16,024] INFO "GET /static/css/dist/styles.css?v=1752050715 HTTP/1.1" 200 36568
[2025-07-09 14:30:21,540] INFO "GET /login HTTP/1.1" 200 15639
[2025-07-09 14:30:21,566] INFO "GET /static/css/dist/styles.css?v=1752050721 HTTP/1.1" 200 36568
[2025-07-09 14:30:26,908] INFO "POST /login HTTP/1.1" 302 0
[2025-07-09 14:30:27,025] INFO "GET / HTTP/1.1" 200 31300
[2025-07-09 14:30:27,070] INFO "GET /static/css/dist/styles.css?v=1752050726 HTTP/1.1" 200 36568
[2025-07-09 14:34:57,984] INFO D:\Young Minds\DAI Project\core\middleware.py changed, reloading.
[2025-07-09 14:34:58,775] INFO Watching for file changes with StatReloader
[2025-07-09 14:34:59,099] INFO "GET / HTTP/1.1" 200 30493
[2025-07-09 14:34:59,203] INFO "GET /static/css/dist/styles.css?v=1752050999 HTTP/1.1" 200 36568
[2025-07-09 14:34:59,451] INFO "GET /media/news_images/news4.jpg HTTP/1.1" 304 0
[2025-07-09 14:34:59,452] INFO "GET /media/news_images/pexels-pixabay-159833.jpg HTTP/1.1" 304 0
[2025-07-09 14:34:59,457] INFO "GET /media/news_images/news1_aDBnYpe.jpg HTTP/1.1" 304 0
[2025-07-09 14:34:59,473] INFO "GET /media/news_images/pexels-mizyuk-1674114.jpg HTTP/1.1" 304 0
[2025-07-09 14:34:59,482] INFO "GET /media/footer_icons/contact.svg HTTP/1.1" 304 0
[2025-07-09 14:34:59,485] INFO "GET /media/footer_icons/phone.svg HTTP/1.1" 304 0
[2025-07-09 14:34:59,497] INFO "GET /media/footer_icons/location.svg HTTP/1.1" 304 0
[2025-07-09 14:34:59,511] INFO "GET /media/social_icons/facebook.png HTTP/1.1" 304 0
[2025-07-09 14:34:59,515] INFO "GET /media/social_icons/twitter.png HTTP/1.1" 304 0
[2025-07-09 14:34:59,515] INFO "GET /media/social_icons/instagram.png HTTP/1.1" 304 0
[2025-07-09 14:35:19,970] INFO D:\Young Minds\DAI Project\dai_project\settings.py changed, reloading.
[2025-07-09 14:35:20,681] INFO Watching for file changes with StatReloader
[2025-07-09 14:35:21,026] INFO "GET / HTTP/1.1" 200 30493
[2025-07-09 14:35:21,064] INFO "GET /media/guidelines_icons/1.png HTTP/1.1" 304 0
[2025-07-09 14:35:21,086] INFO "GET /static/css/dist/styles.css?v=1752051020 HTTP/1.1" 200 36568
[2025-07-09 14:35:21,095] INFO "GET /media/guidelines_icons/2.png HTTP/1.1" 304 0
[2025-07-09 14:35:21,097] INFO "GET /media/guidelines_icons/3_qlCJaku.png HTTP/1.1" 304 0
[2025-07-09 14:35:21,106] INFO "GET /media/guidelines_icons/4_KH4ihLj.png HTTP/1.1" 304 0
[2025-07-09 14:35:23,626] INFO "GET /login HTTP/1.1" 302 0
[2025-07-09 14:35:23,634] INFO "GET /dashboard HTTP/1.1" 302 0
[2025-07-09 14:35:23,666] INFO "GET / HTTP/1.1" 200 31253
[2025-07-09 14:35:23,700] INFO "GET /static/css/dist/styles.css?v=1752051023 HTTP/1.1" 200 36568
[2025-07-09 14:35:26,482] INFO "GET / HTTP/1.1" 200 30493
[2025-07-09 14:35:26,515] INFO "GET /static/css/dist/styles.css?v=1752051026 HTTP/1.1" 200 36568
[2025-07-09 14:35:28,430] INFO "GET /login HTTP/1.1" 302 0
[2025-07-09 14:35:28,446] INFO "GET /dashboard HTTP/1.1" 302 0
[2025-07-09 14:35:28,546] INFO "GET / HTTP/1.1" 200 31253
[2025-07-09 14:35:28,585] INFO "GET /static/css/dist/styles.css?v=1752051028 HTTP/1.1" 200 36568
[2025-07-09 14:35:35,277] INFO "GET /logout/ HTTP/1.1" 302 0
[2025-07-09 14:35:35,332] INFO "GET /login HTTP/1.1" 200 15639
[2025-07-09 14:35:35,374] INFO "GET /static/css/dist/styles.css?v=1752051035 HTTP/1.1" 200 36568
[2025-07-09 14:35:37,779] INFO "GET /login HTTP/1.1" 200 15639
[2025-07-09 14:35:37,814] INFO "GET /static/css/dist/styles.css?v=1752051037 HTTP/1.1" 200 36568
[2025-07-09 14:35:45,938] INFO "POST /login HTTP/1.1" 302 0
[2025-07-09 14:35:46,028] INFO "GET / HTTP/1.1" 200 31300
[2025-07-09 14:35:46,069] INFO "GET /static/css/dist/styles.css?v=1752051045 HTTP/1.1" 200 36568
[2025-07-09 14:35:46,146] INFO "GET /media/guidelines_icons/3_qlCJaku.png HTTP/1.1" 200 20742
[2025-07-09 14:35:46,148] INFO "GET /media/guidelines_icons/2.png HTTP/1.1" 200 25783
[2025-07-09 14:35:46,149] INFO "GET /media/guidelines_icons/1.png HTTP/1.1" 200 20143
[2025-07-09 14:35:46,150] INFO "GET /media/guidelines_icons/4_KH4ihLj.png HTTP/1.1" 200 20892
[2025-07-09 14:35:46,186] INFO "GET /media/news_images/pexels-mizyuk-1674114.jpg HTTP/1.1" 200 334686
[2025-07-09 14:35:46,191] INFO "GET /media/news_images/pexels-pixabay-159833.jpg HTTP/1.1" 200 1160214
[2025-07-09 14:35:46,193] INFO "GET /media/news_images/news4.jpg HTTP/1.1" 200 2468140
[2025-07-09 14:35:46,242] INFO "GET /media/news_images/news1_aDBnYpe.jpg HTTP/1.1" 200 5619910
[2025-07-09 14:35:51,392] INFO "GET /register/type/ HTTP/1.1" 302 0
[2025-07-09 14:35:51,406] INFO "GET /dashboard HTTP/1.1" 302 0
[2025-07-09 14:35:51,496] INFO "GET / HTTP/1.1" 200 31253
[2025-07-09 14:35:51,540] INFO "GET /media/development_steps_images/start.png HTTP/1.1" 304 0
[2025-07-09 14:35:51,541] INFO "GET /static/css/dist/styles.css?v=1752051051 HTTP/1.1" 200 36568
[2025-07-09 14:35:51,542] INFO "GET /media/development_steps_images/manage.png HTTP/1.1" 304 0
[2025-07-09 14:35:51,567] INFO "GET /media/development_steps_images/growth.png HTTP/1.1" 304 0
[2025-07-09 14:35:51,568] INFO "GET /media/development_steps_images/sustain.png HTTP/1.1" 304 0
[2025-07-09 14:37:02,929] INFO D:\Young Minds\DAI Project\core\middleware.py changed, reloading.
[2025-07-09 14:37:03,715] INFO Watching for file changes with StatReloader
[2025-07-09 14:37:04,035] INFO "GET / HTTP/1.1" 200 30493
[2025-07-09 14:37:04,110] INFO "GET /static/css/dist/styles.css?v=1752051123 HTTP/1.1" 200 36568
[2025-07-09 14:37:04,380] INFO "GET / HTTP/1.1" 200 30493
[2025-07-09 14:37:04,417] INFO "GET /static/css/dist/styles.css?v=1752051124 HTTP/1.1" 200 36568
[2025-07-09 14:37:05,296] INFO "GET / HTTP/1.1" 200 30493
[2025-07-09 14:37:05,329] INFO "GET /static/css/dist/styles.css?v=1752051125 HTTP/1.1" 200 36568
[2025-07-09 14:37:06,377] INFO "GET /login HTTP/1.1" 302 0
[2025-07-09 14:37:06,387] INFO "GET /dashboard HTTP/1.1" 302 0
[2025-07-09 14:37:06,422] INFO "GET / HTTP/1.1" 200 31899
[2025-07-09 14:37:06,456] INFO "GET /static/css/dist/styles.css?v=1752051126 HTTP/1.1" 200 36568
[2025-07-09 14:37:10,425] INFO "GET /register/type/ HTTP/1.1" 302 0
[2025-07-09 14:37:10,435] INFO "GET /dashboard HTTP/1.1" 302 0
[2025-07-09 14:37:10,467] INFO "GET / HTTP/1.1" 200 31899
[2025-07-09 14:37:10,505] INFO "GET /static/css/dist/styles.css?v=1752051130 HTTP/1.1" 200 36568
[2025-07-09 14:37:12,196] INFO "GET /register/type/ HTTP/1.1" 302 0
[2025-07-09 14:37:12,209] INFO "GET /dashboard HTTP/1.1" 302 0
[2025-07-09 14:37:12,292] INFO "GET / HTTP/1.1" 200 31899
[2025-07-09 14:37:12,327] INFO "GET /static/css/dist/styles.css?v=1752051132 HTTP/1.1" 200 36568
[2025-07-09 14:37:13,059] INFO "GET /login HTTP/1.1" 302 0
[2025-07-09 14:37:13,072] INFO "GET /dashboard HTTP/1.1" 302 0
[2025-07-09 14:37:13,157] INFO "GET / HTTP/1.1" 200 31899
[2025-07-09 14:37:13,192] INFO "GET /static/css/dist/styles.css?v=1752051133 HTTP/1.1" 200 36568
[2025-07-09 14:37:15,187] INFO "GET / HTTP/1.1" 200 30493
[2025-07-09 14:37:15,220] INFO "GET /static/css/dist/styles.css?v=1752051135 HTTP/1.1" 200 36568
[2025-07-09 14:37:16,437] INFO "GET / HTTP/1.1" 200 30493
[2025-07-09 14:37:16,474] INFO "GET /static/css/dist/styles.css?v=1752051136 HTTP/1.1" 200 36568
[2025-07-09 14:37:17,732] INFO "GET /login HTTP/1.1" 302 0
[2025-07-09 14:37:17,744] INFO "GET /dashboard HTTP/1.1" 302 0
[2025-07-09 14:37:17,840] INFO "GET / HTTP/1.1" 200 31899
[2025-07-09 14:37:17,876] INFO "GET /static/css/dist/styles.css?v=1752051137 HTTP/1.1" 200 36568
[2025-07-09 14:37:54,283] INFO D:\Young Minds\DAI Project\core\middleware.py changed, reloading.
[2025-07-09 14:37:55,100] INFO Watching for file changes with StatReloader
[2025-07-09 14:38:03,832] INFO D:\Young Minds\DAI Project\core\middleware.py changed, reloading.
[2025-07-09 14:38:04,468] INFO Watching for file changes with StatReloader
[2025-07-09 14:38:04,800] INFO "GET / HTTP/1.1" 200 30493
[2025-07-09 14:38:04,917] INFO "GET /static/css/dist/styles.css?v=1752051184 HTTP/1.1" 200 36568
[2025-07-09 14:38:05,240] INFO "GET /media/footer_icons/phone.svg HTTP/1.1" 200 4640
[2025-07-09 14:38:05,241] INFO "GET /media/footer_icons/contact.svg HTTP/1.1" 200 959
[2025-07-09 14:38:05,258] INFO "GET /media/footer_icons/location.svg HTTP/1.1" 200 645
[2025-07-09 14:38:05,267] INFO "GET /media/social_icons/facebook.png HTTP/1.1" 200 11246
[2025-07-09 14:38:05,269] INFO "GET /media/social_icons/instagram.png HTTP/1.1" 200 11601
[2025-07-09 14:38:05,279] INFO "GET /media/social_icons/twitter.png HTTP/1.1" 200 13368
[2025-07-09 14:38:10,009] INFO D:\Young Minds\DAI Project\core\middleware.py changed, reloading.
[2025-07-09 14:38:10,797] INFO Watching for file changes with StatReloader
[2025-07-09 14:38:16,370] INFO D:\Young Minds\DAI Project\core\middleware.py changed, reloading.
[2025-07-09 14:38:17,064] INFO Watching for file changes with StatReloader
[2025-07-09 14:39:07,007] INFO D:\Young Minds\DAI Project\core\middleware.py changed, reloading.
[2025-07-09 14:39:07,659] INFO Watching for file changes with StatReloader
[2025-07-09 14:39:15,244] INFO D:\Young Minds\DAI Project\core\middleware.py changed, reloading.
[2025-07-09 14:39:15,903] INFO Watching for file changes with StatReloader
[2025-07-09 14:39:19,201] INFO "GET / HTTP/1.1" 200 30493
[2025-07-09 14:39:19,275] INFO "GET /static/css/dist/styles.css?v=1752051259 HTTP/1.1" 200 36568
[2025-07-09 14:39:21,298] INFO "GET /logout/ HTTP/1.1" 302 0
[2025-07-09 14:39:21,320] INFO "GET /login HTTP/1.1" 200 15639
[2025-07-09 14:39:21,360] INFO "GET /static/css/dist/styles.css?v=1752051261 HTTP/1.1" 200 36568
[2025-07-09 14:39:31,724] INFO "POST /login HTTP/1.1" 302 0
[2025-07-09 14:39:31,835] INFO "GET / HTTP/1.1" 200 31300
[2025-07-09 14:39:31,882] INFO "GET /static/css/dist/styles.css?v=1752051271 HTTP/1.1" 200 36568
[2025-07-09 14:39:36,033] INFO "GET /register/type/ HTTP/1.1" 302 0
[2025-07-09 14:39:36,095] INFO "GET /dashboard HTTP/1.1" 200 24694
[2025-07-09 14:39:36,140] INFO "GET /static/css/dist/styles.css?v=1752051276 HTTP/1.1" 200 36568
[2025-07-09 14:39:42,950] INFO D:\Young Minds\DAI Project\core\middleware.py changed, reloading.
[2025-07-09 14:39:43,732] INFO Watching for file changes with StatReloader
[2025-07-09 14:39:44,074] INFO "GET /dashboard HTTP/1.1" 302 0
[2025-07-09 14:39:44,134] INFO "GET / HTTP/1.1" 200 31253
[2025-07-09 14:39:44,195] INFO "GET /static/css/dist/styles.css?v=1752051284 HTTP/1.1" 200 36568
[2025-07-09 14:39:49,253] INFO D:\Young Minds\DAI Project\core\middleware.py changed, reloading.
[2025-07-09 14:39:49,980] INFO Watching for file changes with StatReloader
[2025-07-09 14:39:50,299] INFO "GET / HTTP/1.1" 200 30493
[2025-07-09 14:39:50,365] INFO "GET /static/css/dist/styles.css?v=1752051290 HTTP/1.1" 200 36568
[2025-07-09 14:39:51,392] INFO "GET / HTTP/1.1" 200 30493
[2025-07-09 14:39:51,430] INFO "GET /static/css/dist/styles.css?v=1752051291 HTTP/1.1" 200 36568
[2025-07-09 14:39:56,479] INFO "GET /register/type/ HTTP/1.1" 302 0
[2025-07-09 14:39:56,514] INFO "GET / HTTP/1.1" 200 31271
[2025-07-09 14:39:56,554] INFO "GET /static/css/dist/styles.css?v=1752051296 HTTP/1.1" 200 36568
[2025-07-09 14:40:02,495] INFO "GET /login HTTP/1.1" 302 0
[2025-07-09 14:40:02,581] INFO "GET / HTTP/1.1" 200 31271
[2025-07-09 14:40:02,621] INFO "GET /static/css/dist/styles.css?v=1752051302 HTTP/1.1" 200 36568
[2025-07-09 14:53:46,185] INFO D:\Young Minds\DAI Project\core\models\navbar.py changed, reloading.
[2025-07-09 14:53:46,853] INFO Watching for file changes with StatReloader
[2025-07-09 14:53:47,217] INFO "GET / HTTP/1.1" 200 30493
[2025-07-09 14:53:47,331] INFO "GET /static/css/dist/styles.css?v=1752052127 HTTP/1.1" 200 36568
[2025-07-09 14:53:47,415] INFO "GET /media/development_steps_images/start.png HTTP/1.1" 200 28659
[2025-07-09 14:53:47,415] INFO "GET /media/development_steps_images/manage.png HTTP/1.1" 200 56327
[2025-07-09 14:53:47,481] INFO "GET /media/development_steps_images/growth.png HTTP/1.1" 200 19339
[2025-07-09 14:53:47,526] INFO "GET /media/guidelines_icons/1.png HTTP/1.1" 200 20143
[2025-07-09 14:53:47,530] INFO "GET /media/development_steps_images/sustain.png HTTP/1.1" 200 17599
[2025-07-09 14:53:47,533] INFO "GET /media/guidelines_icons/2.png HTTP/1.1" 200 25783
[2025-07-09 14:53:47,544] INFO "GET /media/guidelines_icons/4_KH4ihLj.png HTTP/1.1" 200 20892
[2025-07-09 14:53:47,555] INFO "GET /media/guidelines_icons/3_qlCJaku.png HTTP/1.1" 200 20742
[2025-07-09 14:53:47,565] INFO "GET /media/news_images/pexels-pixabay-159833.jpg HTTP/1.1" 200 1160214
[2025-07-09 14:53:47,575] INFO "GET /media/news_images/news4.jpg HTTP/1.1" 200 2468140
[2025-07-09 14:53:47,590] INFO "GET /media/footer_icons/contact.svg HTTP/1.1" 200 959
[2025-07-09 14:53:47,591] INFO "GET /media/news_images/pexels-mizyuk-1674114.jpg HTTP/1.1" 200 334686
[2025-07-09 14:53:47,604] INFO "GET /media/footer_icons/location.svg HTTP/1.1" 200 645
[2025-07-09 14:53:47,605] INFO "GET /media/footer_icons/phone.svg HTTP/1.1" 200 4640
[2025-07-09 14:53:47,619] INFO "GET /media/social_icons/facebook.png HTTP/1.1" 200 11246
[2025-07-09 14:53:47,622] INFO "GET /media/social_icons/instagram.png HTTP/1.1" 200 11601
[2025-07-09 14:53:47,623] INFO "GET /media/news_images/news1_aDBnYpe.jpg HTTP/1.1" 200 5619910
[2025-07-09 14:53:47,632] INFO "GET /media/social_icons/twitter.png HTTP/1.1" 200 13368
[2025-07-09 14:53:50,313] INFO D:\Young Minds\DAI Project\core\models\navbar.py changed, reloading.
[2025-07-09 14:53:50,951] INFO Watching for file changes with StatReloader
[2025-07-09 14:53:51,354] INFO "GET / HTTP/1.1" 200 30493
[2025-07-09 14:53:51,409] INFO "GET /static/css/dist/styles.css?v=1752052131 HTTP/1.1" 200 36568
[2025-07-09 14:54:31,436] INFO D:\Young Minds\DAI Project\core\models\navbar.py changed, reloading.
[2025-07-09 14:54:32,051] INFO Watching for file changes with StatReloader
[2025-07-09 14:54:32,943] ERROR Internal Server Error: /
Traceback (most recent call last):
  File "D:\Young Minds\DAI Project\venv\Lib\site-packages\django\db\backends\utils.py", line 105, in _execute
    return self.cursor.execute(sql, params)
           ~~~~~~~~~~~~~~~~~~~^^^^^^^^^^^^^
  File "D:\Young Minds\DAI Project\venv\Lib\site-packages\django\db\backends\sqlite3\base.py", line 360, in execute
    return super().execute(query, params)
           ~~~~~~~~~~~~~~~^^^^^^^^^^^^^^^
sqlite3.OperationalError: no such column: core_navbaritem.visible_to

The above exception was the direct cause of the following exception:

Traceback (most recent call last):
  File "D:\Young Minds\DAI Project\venv\Lib\site-packages\django\core\handlers\exception.py", line 55, in inner
    response = get_response(request)
  File "D:\Young Minds\DAI Project\venv\Lib\site-packages\django\core\handlers\base.py", line 197, in _get_response
    response = wrapped_callback(request, *callback_args, **callback_kwargs)
  File "D:\Young Minds\DAI Project\core\views\home.py", line 52, in home
    return render(request, 'core/home/home.html', {
        'hero_carousels': hero_carousels,
    ...<6 lines>...
        'pop_up_notices': pop_up_notices,
    })
  File "D:\Young Minds\DAI Project\venv\Lib\site-packages\django\shortcuts.py", line 25, in render
    content = loader.render_to_string(template_name, context, request, using=using)
  File "D:\Young Minds\DAI Project\venv\Lib\site-packages\django\template\loader.py", line 62, in render_to_string
    return template.render(context, request)
           ~~~~~~~~~~~~~~~^^^^^^^^^^^^^^^^^^
  File "D:\Young Minds\DAI Project\venv\Lib\site-packages\django\template\backends\django.py", line 107, in render
    return self.template.render(context)
           ~~~~~~~~~~~~~~~~~~~~^^^^^^^^^
  File "D:\Young Minds\DAI Project\venv\Lib\site-packages\django\template\base.py", line 171, in render
    return self._render(context)
           ~~~~~~~~~~~~^^^^^^^^^
  File "D:\Young Minds\DAI Project\venv\Lib\site-packages\django\template\base.py", line 163, in _render
    return self.nodelist.render(context)
           ~~~~~~~~~~~~~~~~~~~~^^^^^^^^^
  File "D:\Young Minds\DAI Project\venv\Lib\site-packages\django\template\base.py", line 1016, in render
    return SafeString("".join([node.render_annotated(context) for node in self]))
                               ~~~~~~~~~~~~~~~~~~~~~^^^^^^^^^
  File "D:\Young Minds\DAI Project\venv\Lib\site-packages\django\template\base.py", line 977, in render_annotated
    return self.render(context)
           ~~~~~~~~~~~^^^^^^^^^
  File "D:\Young Minds\DAI Project\venv\Lib\site-packages\django\template\loader_tags.py", line 159, in render
    return compiled_parent._render(context)
           ~~~~~~~~~~~~~~~~~~~~~~~^^^^^^^^^
  File "D:\Young Minds\DAI Project\venv\Lib\site-packages\django\template\base.py", line 163, in _render
    return self.nodelist.render(context)
           ~~~~~~~~~~~~~~~~~~~~^^^^^^^^^
  File "D:\Young Minds\DAI Project\venv\Lib\site-packages\django\template\base.py", line 1016, in render
    return SafeString("".join([node.render_annotated(context) for node in self]))
                               ~~~~~~~~~~~~~~~~~~~~~^^^^^^^^^
  File "D:\Young Minds\DAI Project\venv\Lib\site-packages\django\template\base.py", line 977, in render_annotated
    return self.render(context)
           ~~~~~~~~~~~^^^^^^^^^
  File "D:\Young Minds\DAI Project\venv\Lib\site-packages\django\template\loader_tags.py", line 210, in render
    return template.render(context)
           ~~~~~~~~~~~~~~~^^^^^^^^^
  File "D:\Young Minds\DAI Project\venv\Lib\site-packages\django\template\base.py", line 173, in render
    return self._render(context)
           ~~~~~~~~~~~~^^^^^^^^^
  File "D:\Young Minds\DAI Project\venv\Lib\site-packages\django\template\base.py", line 163, in _render
    return self.nodelist.render(context)
           ~~~~~~~~~~~~~~~~~~~~^^^^^^^^^
  File "D:\Young Minds\DAI Project\venv\Lib\site-packages\django\template\base.py", line 1016, in render
    return SafeString("".join([node.render_annotated(context) for node in self]))
                               ~~~~~~~~~~~~~~~~~~~~~^^^^^^^^^
  File "D:\Young Minds\DAI Project\venv\Lib\site-packages\django\template\base.py", line 977, in render_annotated
    return self.render(context)
           ~~~~~~~~~~~^^^^^^^^^
  File "D:\Young Minds\DAI Project\venv\Lib\site-packages\django\template\defaulttags.py", line 199, in render
    len_values = len(values)
  File "D:\Young Minds\DAI Project\venv\Lib\site-packages\django\db\models\query.py", line 366, in __len__
    self._fetch_all()
    ~~~~~~~~~~~~~~~^^
  File "D:\Young Minds\DAI Project\venv\Lib\site-packages\django\db\models\query.py", line 1949, in _fetch_all
    self._result_cache = list(self._iterable_class(self))
                         ~~~~^^^^^^^^^^^^^^^^^^^^^^^^^^^^
  File "D:\Young Minds\DAI Project\venv\Lib\site-packages\django\db\models\query.py", line 91, in __iter__
    results = compiler.execute_sql(
        chunked_fetch=self.chunked_fetch, chunk_size=self.chunk_size
    )
  File "D:\Young Minds\DAI Project\venv\Lib\site-packages\django\db\models\sql\compiler.py", line 1623, in execute_sql
    cursor.execute(sql, params)
    ~~~~~~~~~~~~~~^^^^^^^^^^^^^
  File "D:\Young Minds\DAI Project\venv\Lib\site-packages\django\db\backends\utils.py", line 122, in execute
    return super().execute(sql, params)
           ~~~~~~~~~~~~~~~^^^^^^^^^^^^^
  File "D:\Young Minds\DAI Project\venv\Lib\site-packages\django\db\backends\utils.py", line 79, in execute
    return self._execute_with_wrappers(
           ~~~~~~~~~~~~~~~~~~~~~~~~~~~^
        sql, params, many=False, executor=self._execute
        ^^^^^^^^^^^^^^^^^^^^^^^^^^^^^^^^^^^^^^^^^^^^^^^
    )
    ^
  File "D:\Young Minds\DAI Project\venv\Lib\site-packages\django\db\backends\utils.py", line 92, in _execute_with_wrappers
    return executor(sql, params, many, context)
  File "D:\Young Minds\DAI Project\venv\Lib\site-packages\django\db\backends\utils.py", line 100, in _execute
    with self.db.wrap_database_errors:
         ^^^^^^^^^^^^^^^^^^^^^^^^^^^^
  File "D:\Young Minds\DAI Project\venv\Lib\site-packages\django\db\utils.py", line 91, in __exit__
    raise dj_exc_value.with_traceback(traceback) from exc_value
  File "D:\Young Minds\DAI Project\venv\Lib\site-packages\django\db\backends\utils.py", line 105, in _execute
    return self.cursor.execute(sql, params)
           ~~~~~~~~~~~~~~~~~~~^^^^^^^^^^^^^
  File "D:\Young Minds\DAI Project\venv\Lib\site-packages\django\db\backends\sqlite3\base.py", line 360, in execute
    return super().execute(query, params)
           ~~~~~~~~~~~~~~~^^^^^^^^^^^^^^^
django.db.utils.OperationalError: no such column: core_navbaritem.visible_to
[2025-07-09 14:54:32,951] ERROR "GET / HTTP/1.1" 500 252864
[2025-07-09 14:55:56,728] INFO Watching for file changes with StatReloader
[2025-07-09 14:55:57,581] INFO "GET / HTTP/1.1" 200 30493
[2025-07-09 14:55:57,697] INFO "GET /static/css/dist/styles.css?v=1752052257 HTTP/1.1" 200 36568
[2025-07-09 14:56:50,316] INFO D:\Young Minds\DAI Project\core\context_processors.py changed, reloading.
[2025-07-09 14:56:51,065] INFO Watching for file changes with StatReloader
[2025-07-09 14:56:51,534] ERROR Internal Server Error: /
Traceback (most recent call last):
  File "D:\Young Minds\DAI Project\venv\Lib\site-packages\django\core\handlers\exception.py", line 55, in inner
    response = get_response(request)
  File "D:\Young Minds\DAI Project\venv\Lib\site-packages\django\core\handlers\base.py", line 197, in _get_response
    response = wrapped_callback(request, *callback_args, **callback_kwargs)
  File "D:\Young Minds\DAI Project\core\views\home.py", line 52, in home
    return render(request, 'core/home/home.html', {
        'hero_carousels': hero_carousels,
    ...<6 lines>...
        'pop_up_notices': pop_up_notices,
    })
  File "D:\Young Minds\DAI Project\venv\Lib\site-packages\django\shortcuts.py", line 25, in render
    content = loader.render_to_string(template_name, context, request, using=using)
  File "D:\Young Minds\DAI Project\venv\Lib\site-packages\django\template\loader.py", line 62, in render_to_string
    return template.render(context, request)
           ~~~~~~~~~~~~~~~^^^^^^^^^^^^^^^^^^
  File "D:\Young Minds\DAI Project\venv\Lib\site-packages\django\template\backends\django.py", line 107, in render
    return self.template.render(context)
           ~~~~~~~~~~~~~~~~~~~~^^^^^^^^^
  File "D:\Young Minds\DAI Project\venv\Lib\site-packages\django\template\base.py", line 169, in render
    with context.bind_template(self):
         ~~~~~~~~~~~~~~~~~~~~~^^^^^^
  File "C:\Users\Lenovo\AppData\Local\Programs\Python\Python313\Lib\contextlib.py", line 141, in __enter__
    return next(self.gen)
  File "D:\Young Minds\DAI Project\venv\Lib\site-packages\django\template\context.py", line 259, in bind_template
    context = processor(self.request)
  File "D:\Young Minds\DAI Project\core\context_processors.py", line 15, in navbar_buttons
    models.Q(visible_to='all') | models.Q(visible_to='authenticated')
    ^^^^^^^^
AttributeError: module 'core.models' has no attribute 'Q'
[2025-07-09 14:56:51,550] ERROR "GET / HTTP/1.1" 500 118233
[2025-07-09 14:57:50,118] INFO D:\Young Minds\DAI Project\core\context_processors.py changed, reloading.
[2025-07-09 14:57:50,782] INFO Watching for file changes with StatReloader
[2025-07-09 14:57:51,141] ERROR Internal Server Error: /
Traceback (most recent call last):
  File "D:\Young Minds\DAI Project\venv\Lib\site-packages\django\core\handlers\exception.py", line 55, in inner
    response = get_response(request)
  File "D:\Young Minds\DAI Project\venv\Lib\site-packages\django\core\handlers\base.py", line 197, in _get_response
    response = wrapped_callback(request, *callback_args, **callback_kwargs)
  File "D:\Young Minds\DAI Project\core\views\home.py", line 52, in home
    return render(request, 'core/home/home.html', {
        'hero_carousels': hero_carousels,
    ...<6 lines>...
        'pop_up_notices': pop_up_notices,
    })
  File "D:\Young Minds\DAI Project\venv\Lib\site-packages\django\shortcuts.py", line 25, in render
    content = loader.render_to_string(template_name, context, request, using=using)
  File "D:\Young Minds\DAI Project\venv\Lib\site-packages\django\template\loader.py", line 62, in render_to_string
    return template.render(context, request)
           ~~~~~~~~~~~~~~~^^^^^^^^^^^^^^^^^^
  File "D:\Young Minds\DAI Project\venv\Lib\site-packages\django\template\backends\django.py", line 107, in render
    return self.template.render(context)
           ~~~~~~~~~~~~~~~~~~~~^^^^^^^^^
  File "D:\Young Minds\DAI Project\venv\Lib\site-packages\django\template\base.py", line 169, in render
    with context.bind_template(self):
         ~~~~~~~~~~~~~~~~~~~~~^^^^^^
  File "C:\Users\Lenovo\AppData\Local\Programs\Python\Python313\Lib\contextlib.py", line 141, in __enter__
    return next(self.gen)
  File "D:\Young Minds\DAI Project\venv\Lib\site-packages\django\template\context.py", line 259, in bind_template
    context = processor(self.request)
  File "D:\Young Minds\DAI Project\core\context_processors.py", line 16, in navbar_buttons
    models.Q(visible_to='all') | models.Q(visible_to='authenticated')
    ^^^^^^^^
AttributeError: module 'core.models' has no attribute 'Q'
[2025-07-09 14:57:51,146] ERROR "GET / HTTP/1.1" 500 118363
[2025-07-09 14:58:07,307] INFO D:\Young Minds\DAI Project\core\context_processors.py changed, reloading.
[2025-07-09 14:58:08,106] INFO Watching for file changes with StatReloader
[2025-07-09 14:58:08,412] INFO "GET / HTTP/1.1" 200 30493
[2025-07-09 14:58:08,495] INFO "GET /static/css/dist/styles.css?v=1752052388 HTTP/1.1" 200 36568
[2025-07-09 14:58:09,729] INFO "GET / HTTP/1.1" 200 30493
[2025-07-09 14:58:09,760] INFO "GET /static/css/dist/styles.css?v=1752052389 HTTP/1.1" 200 36568
[2025-07-09 14:58:14,489] INFO "GET /admin/ HTTP/1.1" 302 0
[2025-07-09 14:58:14,524] INFO "GET / HTTP/1.1" 200 31253
[2025-07-09 14:58:14,566] INFO "GET /static/css/dist/styles.css?v=1752052394 HTTP/1.1" 200 36568
[2025-07-09 14:58:16,937] INFO "GET /logout/ HTTP/1.1" 302 0
[2025-07-09 14:58:16,999] INFO "GET /login HTTP/1.1" 200 15639
[2025-07-09 14:58:17,044] INFO "GET /static/css/dist/styles.css?v=1752052396 HTTP/1.1" 200 36568
[2025-07-09 14:58:20,150] WARNING Not Found: /login/admin
[2025-07-09 14:58:20,151] WARNING "GET /login/admin HTTP/1.1" 404 8291
[2025-07-09 14:58:26,777] INFO "GET /admin/ HTTP/1.1" 302 0
[2025-07-09 14:58:26,868] INFO "GET / HTTP/1.1" 200 31253
[2025-07-09 14:58:26,905] INFO "GET /static/css/dist/styles.css?v=1752052406 HTTP/1.1" 200 36568
[2025-07-09 14:58:28,423] INFO "GET /login HTTP/1.1" 200 15639
[2025-07-09 14:58:28,462] INFO "GET /static/css/dist/styles.css?v=1752052408 HTTP/1.1" 200 36568
[2025-07-09 14:58:32,791] INFO "POST /login HTTP/1.1" 302 0
[2025-07-09 14:58:32,848] INFO "GET /dashboard HTTP/1.1" 200 24695
[2025-07-09 14:58:32,892] INFO "GET /static/css/dist/styles.css?v=1752052412 HTTP/1.1" 200 36568
[2025-07-09 14:58:36,233] INFO "GET /admin/ HTTP/1.1" 200 19874
[2025-07-09 14:58:36,277] INFO "GET /static/admin/css/base.css HTTP/1.1" 304 0
[2025-07-09 14:58:36,282] INFO "GET /static/admin/css/dashboard.css HTTP/1.1" 304 0
[2025-07-09 14:58:36,283] INFO "GET /static/admin/css/dark_mode.css HTTP/1.1" 304 0
[2025-07-09 14:58:36,283] INFO "GET /static/admin/js/theme.js HTTP/1.1" 304 0
[2025-07-09 14:58:36,285] INFO "GET /static/admin/css/nav_sidebar.css HTTP/1.1" 304 0
[2025-07-09 14:58:36,286] INFO "GET /static/admin/css/responsive.css HTTP/1.1" 304 0
[2025-07-09 14:58:36,299] INFO "GET /static/admin/js/nav_sidebar.js HTTP/1.1" 304 0
[2025-07-09 14:58:36,315] INFO "GET /static/admin/img/icon-changelink.svg HTTP/1.1" 304 0
[2025-07-09 14:58:36,315] INFO "GET /static/admin/img/icon-addlink.svg HTTP/1.1" 304 0
[2025-07-09 14:58:42,648] INFO "GET /admin/core/navbaritem/ HTTP/1.1" 200 27647
[2025-07-09 14:58:42,700] INFO "GET /static/admin/css/changelists.css HTTP/1.1" 200 6878
[2025-07-09 14:58:42,701] INFO "GET /static/admin/css/forms.css HTTP/1.1" 200 8525
[2025-07-09 14:58:42,723] INFO "GET /static/admin/js/jquery.init.js HTTP/1.1" 200 347
[2025-07-09 14:58:42,724] INFO "GET /static/admin/css/widgets.css HTTP/1.1" 200 11991
[2025-07-09 14:58:42,734] INFO "GET /static/admin/js/core.js HTTP/1.1" 200 6208
[2025-07-09 14:58:42,738] INFO "GET /static/admin/js/admin/RelatedObjectLookups.js HTTP/1.1" 200 9777
[2025-07-09 14:58:42,753] INFO "GET /static/admin/js/urlify.js HTTP/1.1" 200 7887
[2025-07-09 14:58:42,757] INFO "GET /static/admin/js/actions.js HTTP/1.1" 200 8076
[2025-07-09 14:58:42,760] INFO "GET /admin/jsi18n/ HTTP/1.1" 200 3342
[2025-07-09 14:58:42,762] INFO "GET /static/admin/js/prepopulate.js HTTP/1.1" 200 1531
[2025-07-09 14:58:42,762] INFO "GET /static/admin/img/icon-no.svg HTTP/1.1" 304 0
[2025-07-09 14:58:42,769] INFO "GET /static/admin/img/search.svg HTTP/1.1" 200 458
[2025-07-09 14:58:42,784] INFO "GET /static/admin/js/vendor/jquery/jquery.js HTTP/1.1" 200 285314
[2025-07-09 14:58:42,805] INFO "GET /static/admin/js/filters.js HTTP/1.1" 200 978
[2025-07-09 14:58:42,826] INFO "GET /static/admin/img/icon-yes.svg HTTP/1.1" 200 436
[2025-07-09 14:58:42,942] INFO "GET /static/admin/js/vendor/xregexp/xregexp.js HTTP/1.1" 200 325171
[2025-07-09 14:58:42,976] INFO "GET /static/admin/img/icon-viewlink.svg HTTP/1.1" 200 581
[2025-07-09 14:58:42,977] INFO "GET /static/admin/img/tooltag-add.svg HTTP/1.1" 200 331
[2025-07-09 14:58:50,180] INFO "GET /admin/core/navbaritem/3/change/ HTTP/1.1" 200 24958
[2025-07-09 14:58:50,226] INFO "GET /admin/jsi18n/ HTTP/1.1" 200 3342
[2025-07-09 14:58:50,237] INFO "GET /static/admin/js/prepopulate_init.js HTTP/1.1" 200 586
[2025-07-09 14:58:50,259] INFO "GET /static/admin/img/icon-deletelink.svg HTTP/1.1" 200 392
[2025-07-09 14:58:50,273] INFO "GET /static/admin/js/change_form.js HTTP/1.1" 200 606
[2025-07-09 14:59:01,591] INFO "POST /admin/core/navbaritem/3/change/ HTTP/1.1" 302 0
[2025-07-09 14:59:01,669] INFO "GET /admin/core/navbaritem/ HTTP/1.1" 200 27856
[2025-07-09 14:59:01,717] INFO "GET /admin/jsi18n/ HTTP/1.1" 200 3342
[2025-07-09 14:59:07,314] INFO "GET /admin/core/navbaritem/2/change/ HTTP/1.1" 200 24946
[2025-07-09 14:59:07,359] INFO "GET /admin/jsi18n/ HTTP/1.1" 200 3342
[2025-07-09 14:59:10,840] INFO "POST /admin/core/navbaritem/2/change/ HTTP/1.1" 302 0
[2025-07-09 14:59:10,921] INFO "GET /admin/core/navbaritem/ HTTP/1.1" 200 27853
[2025-07-09 14:59:10,964] INFO "GET /admin/jsi18n/ HTTP/1.1" 200 3342
[2025-07-09 14:59:16,178] INFO "GET /admin/core/navbaritem/10/change/ HTTP/1.1" 200 24944
[2025-07-09 14:59:16,222] INFO "GET /admin/jsi18n/ HTTP/1.1" 200 3342
[2025-07-09 14:59:26,736] INFO "GET / HTTP/1.1" 200 30327
[2025-07-09 14:59:26,796] INFO "GET /static/css/dist/styles.css?v=1752052466 HTTP/1.1" 200 36568
[2025-07-09 14:59:26,865] INFO "GET /media/development_steps_images/start.png HTTP/1.1" 200 28659
[2025-07-09 14:59:26,867] INFO "GET /media/guidelines_icons/1.png HTTP/1.1" 200 20143
[2025-07-09 14:59:26,867] INFO "GET /media/development_steps_images/sustain.png HTTP/1.1" 200 17599
[2025-07-09 14:59:26,870] INFO "GET /media/development_steps_images/growth.png HTTP/1.1" 200 19339
[2025-07-09 14:59:26,870] INFO "GET /media/development_steps_images/manage.png HTTP/1.1" 200 56327
[2025-07-09 14:59:26,894] INFO "GET /media/guidelines_icons/2.png HTTP/1.1" 200 25783
[2025-07-09 14:59:26,896] INFO "GET /media/guidelines_icons/4_KH4ihLj.png HTTP/1.1" 200 20892
[2025-07-09 14:59:26,899] INFO "GET /media/guidelines_icons/3_qlCJaku.png HTTP/1.1" 200 20742
[2025-07-09 14:59:26,915] INFO "GET /media/footer_icons/contact.svg HTTP/1.1" 200 959
[2025-07-09 14:59:26,926] INFO "GET /media/footer_icons/phone.svg HTTP/1.1" 200 4640
[2025-07-09 14:59:26,931] INFO "GET /media/news_images/pexels-mizyuk-1674114.jpg HTTP/1.1" 200 334686
[2025-07-09 14:59:26,938] INFO "GET /media/footer_icons/location.svg HTTP/1.1" 200 645
[2025-07-09 14:59:26,949] INFO "GET /media/social_icons/facebook.png HTTP/1.1" 200 11246
[2025-07-09 14:59:26,951] INFO "GET /media/social_icons/instagram.png HTTP/1.1" 200 11601
[2025-07-09 14:59:26,960] INFO "GET /media/social_icons/twitter.png HTTP/1.1" 200 13368
[2025-07-09 14:59:26,962] INFO "GET /media/news_images/pexels-pixabay-159833.jpg HTTP/1.1" 200 1160214
[2025-07-09 14:59:26,987] INFO "GET /media/news_images/news4.jpg HTTP/1.1" 200 2468140
[2025-07-09 14:59:27,014] INFO "GET /media/news_images/news1_aDBnYpe.jpg HTTP/1.1" 200 5619910
[2025-07-09 14:59:54,147] INFO "POST /admin/core/navbaritem/10/change/ HTTP/1.1" 302 0
[2025-07-09 14:59:54,231] INFO "GET /admin/core/navbaritem/ HTTP/1.1" 200 27855
[2025-07-09 14:59:54,276] INFO "GET /admin/jsi18n/ HTTP/1.1" 200 3342
[2025-07-09 14:59:58,641] INFO "GET / HTTP/1.1" 200 30140
[2025-07-09 14:59:58,675] INFO "GET /static/css/dist/styles.css?v=1752052498 HTTP/1.1" 200 36568
[2025-07-09 15:00:08,302] INFO "GET /logout/ HTTP/1.1" 302 0
[2025-07-09 15:00:08,353] INFO "GET /login HTTP/1.1" 200 15373
[2025-07-09 15:00:08,392] INFO "GET /static/css/dist/styles.css?v=1752052508 HTTP/1.1" 200 36568
[2025-07-09 15:00:45,058] INFO "GET / HTTP/1.1" 200 30227
[2025-07-09 15:00:45,102] INFO "GET /static/css/dist/styles.css?v=1752052545 HTTP/1.1" 200 36568
[2025-07-09 15:00:45,103] INFO "GET /media/development_steps_images/start.png HTTP/1.1" 200 28659
[2025-07-09 15:00:45,103] INFO "GET /media/development_steps_images/manage.png HTTP/1.1" 200 56327
[2025-07-09 15:00:45,132] INFO "GET /media/guidelines_icons/1.png HTTP/1.1" 200 20143
[2025-07-09 15:00:45,132] INFO "GET /media/development_steps_images/growth.png HTTP/1.1" 200 19339
[2025-07-09 15:00:45,133] INFO "GET /media/development_steps_images/sustain.png HTTP/1.1" 200 17599
[2025-07-09 15:00:45,133] INFO "GET /media/guidelines_icons/2.png HTTP/1.1" 200 25783
[2025-07-09 15:00:45,133] INFO "GET /media/guidelines_icons/4_KH4ihLj.png HTTP/1.1" 200 20892
[2025-07-09 15:00:45,137] INFO "GET /media/guidelines_icons/3_qlCJaku.png HTTP/1.1" 200 20742
[2025-07-09 15:00:45,148] INFO "GET /media/news_images/pexels-mizyuk-1674114.jpg HTTP/1.1" 200 334686
[2025-07-09 15:00:45,159] INFO "GET /media/news_images/pexels-pixabay-159833.jpg HTTP/1.1" 200 1160214
[2025-07-09 15:00:45,201] INFO "GET /media/news_images/news4.jpg HTTP/1.1" 200 2468140
[2025-07-09 15:00:45,218] INFO "GET /media/news_images/news1_aDBnYpe.jpg HTTP/1.1" 200 5619910
[2025-07-09 15:00:51,951] INFO "GET /login HTTP/1.1" 200 15373
[2025-07-09 15:00:51,996] INFO "GET /static/css/dist/styles.css?v=1752052551 HTTP/1.1" 200 36568
[2025-07-09 15:00:56,595] INFO "POST /login HTTP/1.1" 302 0
[2025-07-09 15:00:56,684] INFO "GET / HTTP/1.1" 200 30947
[2025-07-09 15:00:56,728] INFO "GET /static/css/dist/styles.css?v=1752052556 HTTP/1.1" 200 36568
[2025-07-09 15:01:00,490] INFO "GET / HTTP/1.1" 200 30140
[2025-07-09 15:01:00,529] INFO "GET /static/css/dist/styles.css?v=1752052560 HTTP/1.1" 200 36568
[2025-07-09 15:01:01,224] INFO "GET / HTTP/1.1" 200 30140
[2025-07-09 15:01:01,260] INFO "GET /static/css/dist/styles.css?v=1752052561 HTTP/1.1" 200 36568
[2025-07-09 15:03:41,189] INFO "GET / HTTP/1.1" 200 30140
[2025-07-09 15:03:41,227] INFO "GET /static/css/dist/styles.css?v=1752052721 HTTP/1.1" 200 36568
[2025-07-09 15:03:41,270] INFO "GET /media/development_steps_images/start.png HTTP/1.1" 200 28659
[2025-07-09 15:03:41,280] INFO "GET /media/development_steps_images/growth.png HTTP/1.1" 200 19339
[2025-07-09 15:03:41,287] INFO "GET /media/guidelines_icons/1.png HTTP/1.1" 200 20143
[2025-07-09 15:03:41,287] INFO "GET /media/development_steps_images/manage.png HTTP/1.1" 200 56327
[2025-07-09 15:03:41,287] INFO "GET /media/development_steps_images/sustain.png HTTP/1.1" 200 17599
[2025-07-09 15:03:41,288] INFO "GET /media/guidelines_icons/2.png HTTP/1.1" 200 25783
[2025-07-09 15:03:41,305] INFO "GET /media/guidelines_icons/4_KH4ihLj.png HTTP/1.1" 200 20892
[2025-07-09 15:03:41,311] INFO "GET /media/guidelines_icons/3_qlCJaku.png HTTP/1.1" 200 20742
[2025-07-09 15:03:41,325] INFO "GET /media/footer_icons/contact.svg HTTP/1.1" 200 959
[2025-07-09 15:03:41,330] INFO "GET /media/news_images/pexels-mizyuk-1674114.jpg HTTP/1.1" 200 334686
[2025-07-09 15:03:41,344] INFO "GET /media/news_images/pexels-pixabay-159833.jpg HTTP/1.1" 200 1160214
[2025-07-09 15:03:41,345] INFO "GET /media/social_icons/twitter.png HTTP/1.1" 200 13368
[2025-07-09 15:03:41,348] INFO "GET /media/social_icons/instagram.png HTTP/1.1" 200 11601
[2025-07-09 15:03:41,353] INFO "GET /media/social_icons/facebook.png HTTP/1.1" 200 11246
[2025-07-09 15:03:41,368] INFO "GET /media/footer_icons/location.svg HTTP/1.1" 200 645
[2025-07-09 15:03:41,369] INFO "GET /media/footer_icons/phone.svg HTTP/1.1" 200 4640
[2025-07-09 15:03:41,376] INFO "GET /media/news_images/news4.jpg HTTP/1.1" 200 2468140
[2025-07-09 15:03:41,543] INFO "GET /media/news_images/news1_aDBnYpe.jpg HTTP/1.1" 200 5619910
[2025-07-09 15:03:42,323] INFO "GET / HTTP/1.1" 200 30140
[2025-07-09 15:03:42,433] INFO "GET /static/css/dist/styles.css?v=1752052722 HTTP/1.1" 200 36568
[2025-07-09 15:03:56,662] INFO "GET /notice/ HTTP/1.1" 200 11609
[2025-07-09 15:03:56,703] INFO "GET /static/css/dist/styles.css?v=1752052736 HTTP/1.1" 200 36568
[2025-07-09 15:03:56,752] INFO "GET /media/notices/keyboard-shortcuts-windows.pdf HTTP/1.1" 304 0
[2025-07-09 15:04:01,190] INFO "GET /logout/ HTTP/1.1" 302 0
[2025-07-09 15:04:01,217] INFO "GET /login HTTP/1.1" 200 15373
[2025-07-09 15:04:01,257] INFO "GET /static/css/dist/styles.css?v=1752052741 HTTP/1.1" 200 36568
[2025-07-09 15:04:07,271] INFO "POST /login HTTP/1.1" 302 0
[2025-07-09 15:04:07,307] INFO "GET /dashboard HTTP/1.1" 200 24342
[2025-07-09 15:04:07,358] INFO "GET /static/css/dist/styles.css?v=1752052747 HTTP/1.1" 200 36568
[2025-07-09 15:04:32,924] INFO "GET /dashboard/notice/ HTTP/1.1" 200 25875
[2025-07-09 15:04:32,963] INFO "GET /static/css/dist/styles.css?v=1752052772 HTTP/1.1" 200 36568
[2025-07-09 15:04:32,999] INFO "GET /media/footer_icons/phone.svg HTTP/1.1" 200 4640
[2025-07-09 15:04:33,000] INFO "GET /media/footer_icons/contact.svg HTTP/1.1" 200 959
[2025-07-09 15:04:33,003] INFO "GET /media/social_icons/instagram.png HTTP/1.1" 200 11601
[2025-07-09 15:04:33,003] INFO "GET /media/social_icons/facebook.png HTTP/1.1" 200 11246
[2025-07-09 15:04:33,007] INFO "GET /media/footer_icons/location.svg HTTP/1.1" 200 645
[2025-07-09 15:04:33,008] INFO "GET /media/social_icons/twitter.png HTTP/1.1" 200 13368
[2025-07-09 15:04:37,073] INFO "GET /dashboard/notice/1/edit/ HTTP/1.1" 200 31426
[2025-07-09 15:04:37,118] INFO "GET /static/css/dist/styles.css?v=1752052777 HTTP/1.1" 200 36568
[2025-07-09 15:04:37,121] INFO "GET /media/notices/keyboard-shortcuts-windows.pdf HTTP/1.1" 200 145725
[2025-07-09 15:04:37,355] INFO "GET /media/uploads/2025/07/09/keyboard-shortcuts-windows.pdf HTTP/1.1" 304 0
[2025-07-09 15:04:37,356] INFO "GET /media/uploads/2025/07/09/6t1xr7_vFDVIA0.jpg HTTP/1.1" 304 0
[2025-07-09 15:04:57,718] INFO "GET /admin/ HTTP/1.1" 200 19860
[2025-07-09 15:05:03,756] INFO "GET /admin/core/notice/ HTTP/1.1" 200 17196
[2025-07-09 15:05:03,813] INFO "GET /admin/jsi18n/ HTTP/1.1" 200 3342
[2025-07-09 15:05:05,118] INFO "GET /admin/core/notice/1/change/ HTTP/1.1" 200 25056
[2025-07-09 15:05:05,157] INFO "GET /admin/jsi18n/ HTTP/1.1" 200 3342
[2025-07-09 15:05:05,187] INFO "GET /static/admin/js/inlines.js HTTP/1.1" 200 15628
[2025-07-09 15:05:05,188] INFO "GET /static/admin/js/calendar.js HTTP/1.1" 200 9141
[2025-07-09 15:05:05,188] INFO "GET /static/admin/js/admin/DateTimeShortcuts.js HTTP/1.1" 200 19319
[2025-07-09 15:05:05,244] INFO "GET /static/admin/img/inline-delete.svg HTTP/1.1" 200 537
[2025-07-09 15:05:05,330] INFO "GET /static/admin/img/icon-calendar.svg HTTP/1.1" 200 1086
[2025-07-09 15:05:24,024] INFO "POST /admin/core/notice/1/change/ HTTP/1.1" 302 0
[2025-07-09 15:05:24,053] INFO "GET /admin/core/notice/ HTTP/1.1" 200 17402
[2025-07-09 15:05:24,088] INFO "GET /admin/jsi18n/ HTTP/1.1" 200 3342
[2025-07-09 15:05:28,119] INFO "POST /admin/logout/ HTTP/1.1" 302 0
[2025-07-09 15:05:28,146] INFO "GET /login HTTP/1.1" 200 15373
[2025-07-09 15:05:28,179] INFO "GET /static/css/dist/styles.css?v=1752052828 HTTP/1.1" 200 36568
[2025-07-09 15:05:28,206] INFO "GET /media/footer_icons/location.svg HTTP/1.1" 200 645
[2025-07-09 15:05:28,206] INFO "GET /media/footer_icons/contact.svg HTTP/1.1" 200 959
[2025-07-09 15:05:28,206] INFO "GET /media/footer_icons/phone.svg HTTP/1.1" 200 4640
[2025-07-09 15:05:28,206] INFO "GET /media/social_icons/facebook.png HTTP/1.1" 200 11246
[2025-07-09 15:05:28,207] INFO "GET /media/social_icons/instagram.png HTTP/1.1" 200 11601
[2025-07-09 15:05:28,210] INFO "GET /media/social_icons/twitter.png HTTP/1.1" 200 13368
[2025-07-09 15:05:30,379] INFO "GET /notice/ HTTP/1.1" 200 11696
[2025-07-09 15:05:30,417] INFO "GET /static/css/dist/styles.css?v=1752052830 HTTP/1.1" 200 36568
[2025-07-09 15:05:30,453] INFO "GET /media/notices/keyboard-shortcuts-windows.pdf HTTP/1.1" 200 145725
[2025-07-09 15:05:34,149] INFO "GET /notice/1/ HTTP/1.1" 200 12236
[2025-07-09 15:05:34,188] INFO "GET /static/css/dist/styles.css?v=1752052834 HTTP/1.1" 200 36568
[2025-07-09 15:07:58,751] INFO "GET / HTTP/1.1" 200 30227
[2025-07-09 15:07:58,795] INFO "GET /static/css/dist/styles.css?v=1752052978 HTTP/1.1" 200 36568
[2025-07-09 15:07:58,795] INFO "GET /media/development_steps_images/start.png HTTP/1.1" 200 28659
[2025-07-09 15:07:58,796] INFO "GET /media/development_steps_images/manage.png HTTP/1.1" 200 56327
[2025-07-09 15:07:58,813] INFO "GET /media/guidelines_icons/4_KH4ihLj.png HTTP/1.1" 200 20892
[2025-07-09 15:07:58,813] INFO "GET /media/guidelines_icons/1.png HTTP/1.1" 200 20143
[2025-07-09 15:07:58,814] INFO "GET /media/development_steps_images/growth.png HTTP/1.1" 200 19339
[2025-07-09 15:07:58,814] INFO "GET /media/development_steps_images/sustain.png HTTP/1.1" 200 17599
[2025-07-09 15:07:58,814] INFO "GET /media/guidelines_icons/2.png HTTP/1.1" 200 25783
[2025-07-09 15:07:58,817] INFO "GET /media/guidelines_icons/3_qlCJaku.png HTTP/1.1" 200 20742
[2025-07-09 15:07:58,830] INFO "GET /media/news_images/pexels-mizyuk-1674114.jpg HTTP/1.1" 200 334686
[2025-07-09 15:07:58,839] INFO "GET /media/news_images/pexels-pixabay-159833.jpg HTTP/1.1" 200 1160214
[2025-07-09 15:07:58,850] INFO "GET /media/news_images/news4.jpg HTTP/1.1" 200 2468140
[2025-07-09 15:07:58,869] INFO "GET /media/news_images/news1_aDBnYpe.jpg HTTP/1.1" 200 5619910
[2025-07-09 15:09:53,750] INFO "GET / HTTP/1.1" 200 30227
[2025-07-09 15:09:53,812] INFO "GET /static/css/dist/styles.css?v=1752053093 HTTP/1.1" 200 36568
[2025-07-09 15:09:56,867] INFO "GET / HTTP/1.1" 200 30227
[2025-07-09 15:09:56,900] INFO "GET /static/css/dist/styles.css?v=1752053096 HTTP/1.1" 200 36568
[2025-07-09 15:09:57,901] INFO "GET / HTTP/1.1" 200 30227
[2025-07-09 15:09:57,936] INFO "GET /static/css/dist/styles.css?v=1752053097 HTTP/1.1" 200 36568
[2025-07-09 15:10:01,042] INFO "GET / HTTP/1.1" 200 30227
[2025-07-09 15:10:01,068] INFO "GET /static/css/dist/styles.css?v=1752053101 HTTP/1.1" 200 36568
[2025-07-09 15:10:05,430] INFO "GET / HTTP/1.1" 200 30227
[2025-07-09 15:10:05,456] INFO "GET /static/css/dist/styles.css?v=1752053105 HTTP/1.1" 200 36568
[2025-07-09 15:10:07,489] INFO "GET / HTTP/1.1" 200 30227
[2025-07-09 15:10:07,569] INFO "GET /static/css/dist/styles.css?v=1752053107 HTTP/1.1" 200 36568
[2025-07-09 15:10:08,586] INFO "GET / HTTP/1.1" 200 30227
[2025-07-09 15:10:08,616] INFO "GET /static/css/dist/styles.css?v=1752053108 HTTP/1.1" 200 36568
[2025-07-09 15:10:28,846] INFO "GET / HTTP/1.1" 200 30227
[2025-07-09 15:10:29,136] INFO "GET /static/css/dist/styles.css?v=1752053128 HTTP/1.1" 200 36568
[2025-07-09 15:10:32,304] INFO "GET / HTTP/1.1" 200 30227
[2025-07-09 15:10:32,335] INFO "GET /static/css/dist/styles.css?v=1752053132 HTTP/1.1" 200 36568
[2025-07-09 15:10:35,885] INFO "GET / HTTP/1.1" 200 30227
[2025-07-09 15:10:35,914] INFO "GET /static/css/dist/styles.css?v=1752053135 HTTP/1.1" 200 36568
[2025-07-09 15:10:37,014] INFO "GET / HTTP/1.1" 200 30227
[2025-07-09 15:10:37,046] INFO "GET /static/css/dist/styles.css?v=1752053136 HTTP/1.1" 200 36568
[2025-07-09 15:10:37,478] INFO "GET / HTTP/1.1" 200 30227
[2025-07-09 15:10:37,512] INFO "GET /static/css/dist/styles.css?v=1752053137 HTTP/1.1" 200 36568
[2025-07-09 15:10:37,715] INFO "GET / HTTP/1.1" 200 30227
[2025-07-09 15:11:51,793] INFO "GET / HTTP/1.1" 200 30227
[2025-07-09 15:11:51,833] INFO "GET /static/css/dist/styles.css?v=1752053211 HTTP/1.1" 200 36568
[2025-07-09 15:11:54,096] INFO "GET / HTTP/1.1" 200 30227
[2025-07-09 15:11:54,120] INFO "GET /static/css/dist/styles.css?v=1752053214 HTTP/1.1" 200 36568
[2025-07-09 15:12:01,284] INFO "GET / HTTP/1.1" 200 30227
[2025-07-09 15:12:01,331] INFO "GET /static/css/dist/styles.css?v=1752053221 HTTP/1.1" 200 36568
[2025-07-09 15:19:13,557] INFO "GET / HTTP/1.1" 200 30227
[2025-07-09 15:19:13,609] INFO "GET /static/css/dist/styles.css?v=1752053653 HTTP/1.1" 200 36568
[2025-07-09 15:19:16,915] INFO "GET / HTTP/1.1" 200 30227
[2025-07-09 15:19:16,950] INFO "GET /static/css/dist/styles.css?v=1752053656 HTTP/1.1" 200 36568
[2025-07-09 15:19:22,218] INFO "GET /notice/ HTTP/1.1" 200 11696
[2025-07-09 15:19:22,274] INFO "GET /static/css/dist/styles.css?v=1752053662 HTTP/1.1" 200 36568
[2025-07-09 15:20:03,997] INFO "GET /notice/ HTTP/1.1" 200 11696
[2025-07-09 15:20:04,065] INFO "GET /static/css/dist/styles.css?v=1752053703 HTTP/1.1" 200 36568
[2025-07-09 15:20:14,827] INFO "GET / HTTP/1.1" 200 30227
[2025-07-09 15:20:14,858] INFO "GET /static/css/dist/styles.css?v=1752053714 HTTP/1.1" 200 36568
[2025-07-09 15:20:20,886] INFO "GET /login HTTP/1.1" 200 15373
[2025-07-09 15:20:20,925] INFO "GET /static/css/dist/styles.css?v=1752053720 HTTP/1.1" 200 36568
[2025-07-09 15:20:24,699] INFO "POST /login HTTP/1.1" 302 0
[2025-07-09 15:20:24,723] INFO "GET /dashboard HTTP/1.1" 200 24342
[2025-07-09 15:20:24,775] INFO "GET /static/css/dist/styles.css?v=1752053724 HTTP/1.1" 200 36568
[2025-07-09 15:20:27,995] INFO "GET /admin/ HTTP/1.1" 200 19868
[2025-07-09 15:20:28,036] INFO "GET /static/admin/css/base.css HTTP/1.1" 304 0
[2025-07-09 15:20:28,037] INFO "GET /static/admin/css/dark_mode.css HTTP/1.1" 304 0
[2025-07-09 15:20:28,038] INFO "GET /static/admin/css/nav_sidebar.css HTTP/1.1" 304 0
[2025-07-09 15:20:28,040] INFO "GET /static/admin/js/theme.js HTTP/1.1" 304 0
[2025-07-09 15:20:28,040] INFO "GET /static/admin/css/dashboard.css HTTP/1.1" 304 0
[2025-07-09 15:20:28,041] INFO "GET /static/admin/css/responsive.css HTTP/1.1" 304 0
[2025-07-09 15:20:28,056] INFO "GET /static/admin/js/nav_sidebar.js HTTP/1.1" 304 0
[2025-07-09 15:20:28,063] INFO "GET /static/admin/img/icon-addlink.svg HTTP/1.1" 304 0
[2025-07-09 15:20:28,063] INFO "GET /static/admin/img/icon-changelink.svg HTTP/1.1" 304 0
[2025-07-09 15:20:34,589] INFO "GET /admin/core/newsevent/ HTTP/1.1" 200 26022
[2025-07-09 15:20:34,799] INFO "GET /static/admin/css/changelists.css HTTP/1.1" 304 0
[2025-07-09 15:20:34,802] INFO "GET /static/admin/css/forms.css HTTP/1.1" 304 0
[2025-07-09 15:20:34,810] INFO "GET /static/admin/js/jquery.init.js HTTP/1.1" 304 0
[2025-07-09 15:20:34,811] INFO "GET /static/admin/js/vendor/jquery/jquery.js HTTP/1.1" 304 0
[2025-07-09 15:20:34,812] INFO "GET /admin/jsi18n/ HTTP/1.1" 200 3342
[2025-07-09 15:20:34,818] INFO "GET /static/admin/css/widgets.css HTTP/1.1" 304 0
[2025-07-09 15:20:34,819] INFO "GET /static/admin/js/core.js HTTP/1.1" 304 0
[2025-07-09 15:20:34,819] INFO "GET /static/admin/js/admin/RelatedObjectLookups.js HTTP/1.1" 304 0
[2025-07-09 15:20:34,829] INFO "GET /static/admin/js/actions.js HTTP/1.1" 304 0
[2025-07-09 15:20:34,834] INFO "GET /static/admin/js/prepopulate.js HTTP/1.1" 304 0
[2025-07-09 15:20:34,834] INFO "GET /static/admin/js/urlify.js HTTP/1.1" 304 0
[2025-07-09 15:20:34,836] INFO "GET /static/admin/img/search.svg HTTP/1.1" 304 0
[2025-07-09 15:20:34,836] INFO "GET /static/admin/js/vendor/xregexp/xregexp.js HTTP/1.1" 304 0
[2025-07-09 15:20:34,849] INFO "GET /static/admin/js/filters.js HTTP/1.1" 304 0
[2025-07-09 15:20:34,895] INFO "GET /static/admin/img/tooltag-add.svg HTTP/1.1" 304 0
[2025-07-09 15:20:34,911] INFO "GET /static/admin/img/sorting-icons.svg HTTP/1.1" 200 1097
[2025-07-09 15:20:35,007] INFO "GET /static/admin/img/icon-viewlink.svg HTTP/1.1" 304 0
[2025-07-09 15:20:45,974] INFO "GET /admin/core/notice/ HTTP/1.1" 200 17196
[2025-07-09 15:20:46,024] INFO "GET /admin/jsi18n/ HTTP/1.1" 200 3342
[2025-07-09 15:20:48,579] INFO "GET /admin/core/notice/1/change/ HTTP/1.1" 200 24915
[2025-07-09 15:20:48,618] INFO "GET /static/admin/js/prepopulate_init.js HTTP/1.1" 304 0
[2025-07-09 15:20:48,621] INFO "GET /admin/jsi18n/ HTTP/1.1" 200 3342
[2025-07-09 15:20:48,636] INFO "GET /static/admin/js/change_form.js HTTP/1.1" 304 0
[2025-07-09 15:20:48,774] INFO "GET /media/uploads/2025/07/09/6t1xr7_vFDVIA0.jpg HTTP/1.1" 200 53700
[2025-07-09 15:21:15,397] INFO "POST /admin/core/notice/1/change/ HTTP/1.1" 302 0
[2025-07-09 15:21:15,416] INFO "GET /admin/core/notice/ HTTP/1.1" 200 17402
[2025-07-09 15:21:15,454] INFO "GET /admin/jsi18n/ HTTP/1.1" 200 3342
[2025-07-09 15:21:15,476] INFO "GET /static/admin/img/icon-yes.svg HTTP/1.1" 304 0
[2025-07-09 15:21:18,578] INFO "GET / HTTP/1.1" 200 30140
[2025-07-09 15:21:18,607] INFO "GET /static/css/dist/styles.css?v=1752053778 HTTP/1.1" 200 36568
[2025-07-09 15:21:24,379] INFO "GET / HTTP/1.1" 200 30140
[2025-07-09 15:21:24,419] INFO "GET /static/css/dist/styles.css?v=1752053784 HTTP/1.1" 200 36568
[2025-07-09 15:21:24,483] INFO "GET /media/development_steps_images/sustain.png HTTP/1.1" 200 17599
[2025-07-09 15:21:24,484] INFO "GET /media/development_steps_images/growth.png HTTP/1.1" 200 19339
[2025-07-09 15:21:24,486] INFO "GET /media/development_steps_images/start.png HTTP/1.1" 200 28659
[2025-07-09 15:21:24,489] INFO "GET /media/guidelines_icons/1.png HTTP/1.1" 200 20143
[2025-07-09 15:21:24,492] INFO "GET /media/development_steps_images/manage.png HTTP/1.1" 200 56327
[2025-07-09 15:21:24,504] INFO "GET /media/guidelines_icons/2.png HTTP/1.1" 200 25783
[2025-07-09 15:21:24,505] INFO "GET /media/guidelines_icons/3_qlCJaku.png HTTP/1.1" 200 20742
[2025-07-09 15:21:24,510] INFO "GET /media/guidelines_icons/4_KH4ihLj.png HTTP/1.1" 200 20892
[2025-07-09 15:21:24,526] INFO "GET /media/footer_icons/contact.svg HTTP/1.1" 200 959
[2025-07-09 15:21:24,530] INFO "GET /media/news_images/pexels-mizyuk-1674114.jpg HTTP/1.1" 200 334686
[2025-07-09 15:21:24,544] INFO "GET /media/footer_icons/phone.svg HTTP/1.1" 200 4640
[2025-07-09 15:21:24,550] INFO "GET /media/footer_icons/location.svg HTTP/1.1" 200 645
[2025-07-09 15:21:24,558] INFO "GET /media/social_icons/facebook.png HTTP/1.1" 200 11246
[2025-07-09 15:21:24,565] INFO "GET /media/news_images/pexels-pixabay-159833.jpg HTTP/1.1" 200 1160214
[2025-07-09 15:21:24,570] INFO "GET /media/social_icons/instagram.png HTTP/1.1" 200 11601
[2025-07-09 15:21:24,571] INFO "GET /media/social_icons/twitter.png HTTP/1.1" 200 13368
[2025-07-09 15:21:24,579] INFO "GET /media/news_images/news4.jpg HTTP/1.1" 200 2468140
[2025-07-09 15:21:24,615] INFO "GET /media/news_images/news1_aDBnYpe.jpg HTTP/1.1" 200 5619910
[2025-07-09 15:21:26,103] INFO "GET /notice/ HTTP/1.1" 200 11612
[2025-07-09 15:21:26,141] INFO "GET /static/css/dist/styles.css?v=1752053786 HTTP/1.1" 200 36568
[2025-07-09 15:21:26,180] INFO "GET /media/notices/keyboard-shortcuts-windows.pdf HTTP/1.1" 200 145725
[2025-07-09 15:21:28,290] INFO "GET /notice/ HTTP/1.1" 200 11612
[2025-07-09 15:21:28,326] INFO "GET /static/css/dist/styles.css?v=1752053788 HTTP/1.1" 200 36568
[2025-07-09 15:21:29,892] INFO "GET /notice/1/ HTTP/1.1" 200 12159
[2025-07-09 15:21:29,938] INFO "GET /static/css/dist/styles.css?v=1752053789 HTTP/1.1" 200 36568
[2025-07-09 15:21:37,204] INFO "GET /notice/ HTTP/1.1" 200 11612
[2025-07-09 15:21:37,242] INFO "GET /static/css/dist/styles.css?v=1752053797 HTTP/1.1" 200 36568
[2025-07-09 15:21:57,224] INFO "GET /admin/core/newseventstatus/ HTTP/1.1" 200 16494
[2025-07-09 15:21:57,260] INFO "GET /admin/jsi18n/ HTTP/1.1" 200 3342
[2025-07-09 15:21:58,850] INFO "GET /admin/core/newsevent/ HTTP/1.1" 200 26022
[2025-07-09 15:21:58,886] INFO "GET /admin/jsi18n/ HTTP/1.1" 200 3342
[2025-07-09 15:22:01,589] INFO "GET /admin/core/newsevent/5/change/ HTTP/1.1" 200 27129
[2025-07-09 15:22:01,620] INFO "GET /static/admin/img/icon-deletelink.svg HTTP/1.1" 304 0
[2025-07-09 15:22:01,623] INFO "GET /admin/jsi18n/ HTTP/1.1" 200 3342
[2025-07-09 15:22:01,755] INFO "GET /static/admin/img/icon-clock.svg HTTP/1.1" 200 677
[2025-07-09 15:22:11,315] INFO "GET /admin/ HTTP/1.1" 200 19865
[2025-07-09 15:22:13,669] INFO "GET /admin/core/notice/ HTTP/1.1" 200 17196
[2025-07-09 15:22:13,721] INFO "GET /admin/jsi18n/ HTTP/1.1" 200 3342
[2025-07-09 15:22:15,200] INFO "GET /admin/core/notice/1/change/ HTTP/1.1" 200 24937
[2025-07-09 15:22:15,238] INFO "GET /admin/jsi18n/ HTTP/1.1" 200 3342
[2025-07-09 15:22:37,227] INFO "POST /admin/core/notice/1/change/ HTTP/1.1" 302 0
[2025-07-09 15:22:37,245] INFO "GET /admin/core/notice/ HTTP/1.1" 200 17402
[2025-07-09 15:22:37,283] INFO "GET /admin/jsi18n/ HTTP/1.1" 200 3342
[2025-07-09 15:22:45,729] INFO "GET / HTTP/1.1" 200 30140
[2025-07-09 15:22:45,777] INFO "GET /static/css/dist/styles.css?v=1752053865 HTTP/1.1" 200 36568
[2025-07-09 15:22:48,128] INFO "GET /notice/ HTTP/1.1" 200 11621
[2025-07-09 15:22:48,167] INFO "GET /static/css/dist/styles.css?v=1752053868 HTTP/1.1" 200 36568
[2025-07-09 15:22:52,236] INFO "GET /notice/1/ HTTP/1.1" 200 12267
[2025-07-09 15:22:52,275] INFO "GET /static/css/dist/styles.css?v=1752053872 HTTP/1.1" 200 36568
[2025-07-09 15:22:57,572] INFO "GET / HTTP/1.1" 200 30140
[2025-07-09 15:22:57,614] INFO "GET /static/css/dist/styles.css?v=1752053877 HTTP/1.1" 200 36568
[2025-07-09 15:22:59,640] INFO "GET /news/ HTTP/1.1" 200 14181
[2025-07-09 15:22:59,678] INFO "GET /static/css/dist/styles.css?v=1752053879 HTTP/1.1" 200 36568
[2025-07-09 15:23:52,702] INFO "GET /news/ HTTP/1.1" 200 14181
[2025-07-09 15:23:52,748] INFO "GET /static/css/dist/styles.css?v=1752053932 HTTP/1.1" 200 36568
[2025-07-09 15:23:54,104] INFO "GET /news/4/ HTTP/1.1" 200 14668
[2025-07-09 15:23:54,147] INFO "GET /static/css/dist/styles.css?v=1752053934 HTTP/1.1" 200 36568
[2025-07-09 15:23:54,149] INFO "GET /media/uploads/2025/07/09/6t1xr7.jpg HTTP/1.1" 304 0
[2025-07-09 15:24:43,460] INFO "GET /news/ HTTP/1.1" 200 14181
[2025-07-09 15:24:43,554] INFO "GET /static/css/dist/styles.css?v=1752053983 HTTP/1.1" 200 36568
[2025-07-09 15:24:45,541] INFO "GET /news/ HTTP/1.1" 200 14181
[2025-07-09 15:24:45,585] INFO "GET /static/css/dist/styles.css?v=1752053985 HTTP/1.1" 200 36568
[2025-07-09 15:24:47,627] INFO "GET /news/ HTTP/1.1" 200 14181
[2025-07-09 15:24:47,687] INFO "GET /static/css/dist/styles.css?v=1752053987 HTTP/1.1" 200 36568
[2025-07-09 15:25:29,384] INFO "GET /news/ HTTP/1.1" 200 14563
[2025-07-09 15:25:29,448] INFO "GET /static/css/dist/styles.css?v=1752054029 HTTP/1.1" 200 36568
[2025-07-09 15:25:31,167] INFO "GET /news/ HTTP/1.1" 200 14563
[2025-07-09 15:25:31,190] INFO "GET /static/css/dist/styles.css?v=1752054031 HTTP/1.1" 200 36568
[2025-07-09 15:26:03,911] INFO "GET /news/ HTTP/1.1" 200 14563
[2025-07-09 15:26:03,961] INFO "GET /static/css/dist/styles.css?v=1752054063 HTTP/1.1" 200 36568
[2025-07-09 15:26:05,778] INFO "GET / HTTP/1.1" 200 29947
[2025-07-09 15:26:05,825] INFO "GET /static/css/dist/styles.css?v=1752054065 HTTP/1.1" 200 36568
[2025-07-09 15:26:19,990] INFO "GET / HTTP/1.1" 200 29911
[2025-07-09 15:26:20,038] INFO "GET /static/css/dist/styles.css?v=1752054079 HTTP/1.1" 200 36568
[2025-07-09 15:26:27,172] INFO "GET / HTTP/1.1" 200 29947
[2025-07-09 15:26:27,207] INFO "GET /static/css/dist/styles.css?v=1752054087 HTTP/1.1" 200 36568
